6a1decc9-2fc9-4611-ade1-e023d8994ba1:1743168612465:0:S:cd C:\\Users\\LeonParren\\OneDrive - The DOC\\Documenten\\edw_tpcds
298c0dc3-6c78-4b33-a4e0-d0612cfe2746:1743168612529:0:S:set loadformat csv
61951feb-c531-4fc8-8bc0-09744b3581bf:1743168612638:0:S:unload CATALOG_RETURNS
aff22468-9ca8-47b7-90ee-f44bd2e3b07a:1743170100062:0:S:cd C:\\Users\\LeonParren\\OneDrive - The DOC\\Documenten\\edw_tpcds
c2e8e118-0da3-4e6d-87d1-ef45ce1e7d6e:1743170100104:0:S:set loadformat csv
c8cac20a-0dee-4a7b-a650-c49a643ab4fa:1743170100205:0:S:unload CALL_CENTER
5fe1360f-1911-4d34-be97-96cbd086c8ba:1743170100776:0:S:unload CATALOG_PAGE
061f24d1-3c7b-44b9-a65b-816c53c3e7db:1743170103355:0:S:unload CATALOG_RETURNS
c2f1081d-1fc1-4340-b918-e24a71fe37c5:1743170685499:0:S:cd "C:\\Users\\LeonParren\\OneDrive - The DOC\\Documenten\\edw_tpcds"
367b604d-9ee9-4691-b1b6-ce7d0c8ca02b:1743170685548:0:S:set loadformat csv
c827f2f8-6c1e-48d9-bf61-7d522686fec8:1743170685638:0:S:load table CALL_CENTER  CALL_CENTER_DATA_TABLE.csv
7050b90d-0de0-43fe-b35d-2c007b0c367d:1743170728135:0:S:set loadformat csv
0a715921-9fc8-4e08-9850-77f16d264360:1743170728210:0:S:load table CALL_CENTER  C:\\Users\\LeonParren\\OneDrive - The DOC\\Documenten\\edw_tpcds\\CALL_CENTER_DATA_TABLE.csv
9362c0b7-6f84-4617-82dd-ea58d0fc4353:1743170162546:0:S:unload CATALOG_SALES
f2b2e64e-37fc-4874-b79f-a817638d5a13:1743170734894:0:S:unload CUSTOMER
76ed0893-f527-44fa-a270-089296b9f09d:1743170765032:0:S:unload CUSTOMER_ADDRESS
6dca18e0-f263-4c6a-830b-32e046ea0c2d:1743170916739:0:S:set loadformat csv
625cb0c8-eb2c-4c30-998e-650d7f9d1849:1743170916836:0:S:load table CALL_CENTER  "C:\\Users\\LeonParren\\OneDrive - The DOC\\Documenten\\edw_tpcds\\CALL_CENTER_DATA_TABLE.csv"
45979bc0-0fc8-4514-b5bd-cb4cfd972707:1743170985069:0:S:set loadformat csv
811f16b3-fb97-4820-b521-81058d37bac1:1743170985138:0:S:load table CALL_CENTER  "C:\\Users\\LeonParren\\OneDrive - The DOC\\Documenten\\edw_tpcds\\CALL_CENTER_DATA_TABLE.csv" show
4889b9e7-cbf7-495e-a85f-bd28710f5e59:1743171045420:0:F:C:\\Users\\LeonParren\\OneDrive - The DOC\\Documenten\\edw_tpcds
8cf906ea-2767-4d86-8509-554d825ba031:1743171059308:0:S:cd "C:\\Users\\LeonParren\\OneDrive - The DOC\\Documenten\\edw_tpcds"
7bdbff73-1404-4e6a-863f-2585179f0d5b:1743171063460:0:F:dir
a4e160c8-0c9a-4105-be23-307ead77182d:1743171068932:0:F:ls
6f3348a0-ea57-4181-8f37-d6bd5c2d965b:1743171082132:0:S:set loadformat csv
6a2ec5ff-9676-4090-a284-434a01733a88:1743171109691:0:S:load table CALL_CENTER  "C:\\Users\\LeonParren\\OneDrive - The DOC\\Documenten\\edw_tpcds\\CALL_CENTER_DATA_TABLE.csv" show
0f8a5d11-df85-4717-8f54-cc03083853b7:1743171117428:0:S:load table CALL_CENTER  "C:\\Users\\LeonParren\\OneDrive - The DOC\\Documenten\\edw_tpcds\\CALL_CENTER_DATA_TABLE.csv" show ddl
dc14b1d0-61bd-4200-9851-5406c0b36d84:1743171135219:0:S:load table CALL_CENTER  CALL_CENTER_DATA_TABLE.csv
13e6164a-06a1-4e75-9e78-dca8b9204252:1743170779885:0:S:unload CUSTOMER_DEMOGRAPHICS
d4dfff44-dec6-4ea1-9209-805b01967de4:1743171154052:0:F:loda table
443724e1-9e1f-441d-a06e-e36675b50b99:1743171144000:0:S:unload DATE_DIM
dc4eb514-3d65-4a72-9595-926a33e00dd6:1743171158596:0:S:unload DBGEN_VERSION
9f050b6f-27c7-4e88-94cc-3f73d16779b4:1743171160012:0:F:loda table help
67a5634d-8128-413d-b87f-7d2cf15483b5:1743171158909:0:S:unload HOUSEHOLD_DEMOGRAPHICS
19225093-9e9c-4a7b-98dc-38bd95dbf82a:1743171160478:0:S:unload INCOME_BAND
848d405c-1339-40de-a85b-1627201ebd95:1743171198091:0:S:load table CALL_CENTER  local CALL_CENTER_DATA_TABLE.csv
682f637a-9454-46e8-b800-76da425c78ca:1743171315372:0:S:load
8b7e2ac6-ffd9-4395-887b-0488c606ae1d:1743172148453:0:S:load CALL_CENTER  CALL_CENTER_DATA_TABLE.csv
d552796c-e3d8-407d-a84d-aae5c0b9603e:1743172410644:0:S:load CALL_CENTER  CALL_CENTER_DATA_TABLE
6aa1a5fe-93d5-479b-b422-ab33d39427a4:1743172416988:0:S:load CALL_CENTER  CALL_CENTER_DATA_TABLE,csv
eb379493-d16d-4a64-a70e-f4cd264afbbf:1743172427275:0:S:load CALL_CENTER  local CALL_CENTER_DATA_TABLE.csv
b1b3a6d2-6ba5-401a-928c-52933b38a751:1743172437790:0:S:load table CALL_CENTER  local CALL_CENTER_DATA_TABLE.csv
aa258a3d-c235-4766-bd2c-607d476e61bc:1743172509292:0:S:LOAD CALL_CENTER  local CALL_CENTER_DATA_TABLE.csv
8c397896-14e7-4766-856b-1198e87de786:1743172526620:0:S:LOAD CALL_CENTER  CALL_CENTER_DATA_TABLE.csv
8543470c-6256-45be-bace-c79823622220:1743172546606:0:S:LOAD CALL_CENTER  \\CALL_CENTER_DATA_TABLE.csv
eb5161ba-329c-4e33-bbec-c0a7f5313956:1743172556523:0:S:LOAD CALL_CENTER  /CALL_CENTER_DATA_TABLE.csv
a479a6ba-d024-4896-931b-25eef8bcbc67:1743172584348:0:S:cd C:/Users/LeonParren/OneDrive - The DOC/Documenten/edw_tpcds
bba8a950-1cda-4779-9c14-9a6cfc377e9a:1743172594884:0:S:LOAD CALL_CENTER  CALL_CENTER_DATA_TABLE.csv
56fcbcd1-964b-4f50-8c57-4f8355f50c2e:1743172669588:0:S:cd C:/temp
ac30982b-1ad5-4697-9aa9-c097e6b2d329:1743172672421:0:S:LOAD CALL_CENTER  CALL_CENTER_DATA_TABLE.csv
b05ca035-468d-4f43-b06a-0d6b038169a4:1743172684124:0:S:LOAD CALL_CENTER  c:\\temp\\CALL_CENTER_DATA_TABLE.csv
c9ca2916-273f-48f8-8486-f9fa7ef3f670:1743172699907:0:S:LOAD CALL_CENTER  c:/temp/CALL_CENTER_DATA_TABLE.csv
123fc145-bba1-429d-a478-cbceec6057c7:1743172766419:0:S:LOAD TABLE CALL_CENTER LOCAL c:/temp/CALL_CENTER_DATA_TABLE.csv
210a991d-167a-4942-97d5-4723d93616bb:1743172809118:0:S:load table call_center local c:/temp/call_center_data_table.csv
46352e18-00fa-4567-83e5-c3a68b8a58fc:1743172928858:0:S:set loadformat csv
ff707e6b-fb7e-44bb-991e-9f7345eeeceb:1743172928943:0:S:load table CALL_CENTER  LOCAL c:\\temp\\CALL_CENTER_DATA_TABLE.csv
382df7ff-b434-4317-9cc5-507196c77501:1743172937446:0:S:set loadformat csv
593f050b-779f-43ca-a605-17b72db8d02c:1743172937518:0:S:load table CALL_CENTER  c:\\temp\\CALL_CENTER_DATA_TABLE.csv
55e07b10-802a-491e-9baf-4cbfcd8b1a1a:1743172953967:0:S:set loadformat csv
a9ae535a-db2f-4dfa-8729-fe9f4e1b8cb8:1743172954036:0:S:load table CALL_CENTER  c:/temp/CALL_CENTER_DATA_TABLE.csv
43c8e5f3-7a20-45d4-8849-0b8583f2ef8e:1743172984145:0:S:set loadformat csv
9e2266f1-349b-426b-9f88-0e546ed784f0:1743172984224:0:S:load table CALL_CENTER  "c:/temp/CALL_CENTER_DATA_TABLE.csv"
0ae428f3-d66d-47fb-8a8b-218c2afb64a9:1743173004734:0:S:set loadformat csv
6fd68e40-ae86-4417-b3ff-037d1a263516:1743173004814:0:S:load table CALL_CENTER  'c:/temp/CALL_CENTER_DATA_TABLE.csv'
1402597f-b1bb-435c-9b92-920936fe7135:1743173092004:0:S:load table CALL_CENTER  c:\\temp\\CALL_CENTER_DATA_TABLE.csv
b784d96f-17cb-4f4a-a0ab-2319d1d3e419:1743173122620:0:S:load table CALL_CENTER  C:\\temp\\CALL_CENTER_DATA_TABLE.csv
c548431c-5e40-4381-bd97-6565c3d94dcf:1743173144404:0:S:load CALL_CENTER C:\\TEMP\\CALL_CENTER_DATA_TABLE.csv
3209a3ab-f897-4acd-87b0-c5e8f7da6861:1743173269796:0:S:load table CATALOG_PAGE       CATALOG_PAGE_DATA_TABLE.csv
6bb96579-4e51-4a46-8aba-e0687653eb83:1743173282509:0:S:load CATALOG_PAGE       CATALOG_PAGE_DATA_TABLE.csv
c095b3bd-8f74-45a5-8deb-f022203898ab:1743173294476:0:S:load CATALOG_PAGE       C:\\TEMP\\CATALOG_PAGE_DATA_TABLE.csv
cb849f80-a757-46d1-be92-3c94f32675d3:1743173309751:0:S:load table CATALOG_PAGE       C:\\TEMP\\CATALOG_PAGE_DATA_TABLE.csv
6145ef00-f367-4eb3-b2ef-74180116f5bd:1743173321636:0:S:load table CATALOG_PAGE C:\\TEMP\\CATALOG_PAGE_DATA_TABLE.csv
e6090b1e-2431-48a0-bcff-64a35e8dec5b:1743171160791:0:S:unload INVENTORY
fe3bd53b-def2-499a-bc57-98adc6c33d43:1743174241995:0:S:unload ITEM
7e02e959-07d0-4a6f-b7f4-2adf83ae4315:1743174248107:0:S:unload PROMOTION
2ae60e56-2100-48a9-9c0f-7d76eda4029d:1743174248681:0:S:unload REASON
2d8a604d-97c6-4733-b5cd-ec51aa8f9c36:1743174249004:0:S:unload SHIP_MODE
635c68f7-970d-4862-911b-f902af7836b8:1743174249325:0:S:unload STORE
a7575e29-51d6-4ca6-96b1-325e312536ca:1743173378604:0:S:load table CATALOG_RETURNS CATALOG_RETURNS_DATA_TABLE.csv
60ec6d89-f5c8-416c-a02b-bc93bc6b280b:1743174275907:0:S:cd C:\\Users\\LeonParren\\OneDrive - The DOC\\Documenten\\edw_tpcds
6907e645-7c9c-44bb-9733-f61d4bbbe971:1743174275944:0:S:set loadformat csv
04e7b8ff-0691-493e-a51f-534b48f07f93:1743174276048:0:S:load table CATALOG_PAGE CATALOG_PAGE_DATA_TABLE.csv
d5923c3a-47fa-45d6-a2b9-0aed79c0f937:1743174249644:0:S:unload STORE_RETURNS
687be105-7d45-4e02-83d7-33a308c8e11b:1743174707937:0:S:cd C:\\Users\\LeonParren\\OneDrive - The DOC\\Documenten\\edw_tpcds
7bc1a030-1ce8-483e-b248-d294a94f94af:1743174707975:0:S:set loadformat csv
93169dea-2f19-467d-9d64-366a3a57ba4e:1743174363972:0:S:unload STORE_SALES
df524d88-eb5d-41e2-89a1-624090eaa8ea:1743175518625:0:S:unload TIME_DIM
449ff232-776e-43c2-a7b3-9f5022e705c3:1743175535487:0:S:unload WAREHOUSE
be15d3c5-0e32-4794-bb03-2ef810f249f2:1743175535802:0:S:unload WEB_PAGE
70f7ea53-d291-4637-8443-f02cffe59e67:1743175536126:0:S:unload WEB_RETURNS
bcd820d5-25df-4c80-8f9c-dc289984c2e1:1743175565260:0:S:unload WEB_SALES
9d4e98aa-efd0-45ba-98ee-b8d4200fbaae:1743175885034:0:S:unload WEB_SITE
